// Jest Snapshot v1, https://goo.gl/fbAQLP

exports[`hides password quality by default 1`] = `
<div
  style={
    Object {
      "marginBottom": 16,
    }
  }
>
  <label
    htmlFor="test"
    style={
      Object {
        "display": "block",
      }
    }
  >
    Password
     
    <span
      style={
        Object {
          "color": "red",
        }
      }
    >
       *
    </span>
  </label>
  <input
    id="test"
    maxLength={50}
    name="test"
    onChange={[Function]}
    type="password"
    value="IUacac#7wfe"
  />
</div>
`;
