// Jest Snapshot v1, https://goo.gl/fbAQLP

exports[`hides password quality by default 1`] = `
<div>
  <label
    htmlFor="test"
    style={
      Object {
        "display": "block",
      }
    }
  >
    Password
     
    <span
      style={
        Object {
          "color": "red",
        }
      }
    >
       *
    </span>
  </label>
  <div
    style={
      Object {
        "cursor": "pointer",
        "maxWidth": "235px",
        "position": "relative",
      }
    }
  >
    <span
      onClick={[Function]}
      style={
        Object {
          "background": "url(\\"data:image/svg+xml,%3Csvg%20xmlns%3D%22http%3A%2F%2Fwww.w3.org%2F2000%2Fsvg%22%20width%3D%2216%22%20height%3D%2216%22%20viewBox%3D%220%200%2024%2024%22%20aria-hidden%3D%22true%22%3E%3Cg%20fill%3D%22currentColor%22%3E%3Cpath%20d%3D%22M12%207c2.76%200%205%202.24%205%205%200%20.65-.13%201.26-.36%201.83l2.92%202.92c1.51-1.26%202.7-2.89%203.43-4.75-1.73-4.39-6-7.5-11-7.5-1.4%200-2.74.25-3.98.7l2.16%202.16C10.74%207.13%2011.35%207%2012%207zM2%204.27l2.28%202.28.46.46C3.08%208.3%201.78%2010.02%201%2012c1.73%204.39%206%207.5%2011%207.5%201.55%200%203.03-.3%204.38-.84l.42.42L19.73%2022%2021%2020.73%203.27%203%202%204.27zM7.53%209.8l1.55%201.55c-.05.21-.08.43-.08.65%200%201.66%201.34%203%203%203%20.22%200%20.44-.03.65-.08l1.55%201.55c-.67.33-1.41.53-2.2.53-2.76%200-5-2.24-5-5%200-.79.2-1.53.53-2.2zm4.31-.78l3.15%203.15.02-.16c0-1.66-1.34-3-3-3l-.17.01z%22%3E%3C%2Fpath%3E%3C%2Fg%3E%3C%2Fsvg%3E\\") center / contain no-repeat",
          "bottom": 0,
          "content": "",
          "left": "255px",
          "position": "absolute",
          "top": 0,
          "width": "16px",
        }
      }
    />
    <label
      style={
        Object {
          "maxWidth": "250px",
        }
      }
    >
      <input
        id="test"
        name="test"
        onChange={[Function]}
        style={
          Object {
            "padding": "10px 35px 10px 10px",
            "width": "235px",
          }
        }
        type="password"
        value="IUacac#7wfe"
      />
    </label>
  </div>
</div>
`;
